---
source: crates/engine_render/tests/suite/shape_components.rs
expression: debug
---
Polygon {
    points: [
        Vec2(
            0.0,
            0.0,
        ),
        Vec2(
            100.0,
            0.0,
        ),
        Vec2(
            80.0,
            60.0,
        ),
        Vec2(
            20.0,
            60.0,
        ),
    ],
}
