---
source: crates/engine_render/src/shape/components.rs
assertion_line: 53
expression: debug
---
Polygon {
    points: [
        Vec2(
            0.0,
            0.0,
        ),
        Vec2(
            100.0,
            0.0,
        ),
        Vec2(
            80.0,
            60.0,
        ),
        Vec2(
            20.0,
            60.0,
        ),
    ],
}
